
> taskapp@0.1.0 build
> next build

   Γû▓ Next.js 15.1.7
   - Environments: .env.local

   Creating an optimized production build ...
node.exe : Failed to 
compile.
At C:\nvm4w\nodejs\npm
.ps1:29 char:3
+   & $NODE_EXE 
$NPM_CLI_JS $args
+   ~~~~~~~~~~~~~~~~~~
~~~~~~~~~~~
    + CategoryInfo    
          : NotSpeci  
  fied: (Failed to    
 compile.:String)     
[], RemoteExcepti    
on
    + FullyQualifiedE 
   rrorId : NativeCo  
  mmandError
 

./node_modules/@react-
email/render/dist/node
/index.mjs
Module not found: 
Can't resolve 'prettie
r/plugins/html'

https://nextjs.org/doc
s/messages/module-not-
found

Import trace for 
requested module:
./node_modules/resend/
dist/index.mjs
./lib/resend.ts
./app/api/notification
s/email/route.ts

./node_modules/@react-
email/render/dist/node
/index.mjs
Module not found: 
Can't resolve 
'prettier/standalone'

https://nextjs.org/doc
s/messages/module-not-
found

Import trace for 
requested module:
./node_modules/resend/
dist/index.mjs
./lib/resend.ts
./app/api/notification
s/email/route.ts


> Build failed 
because of webpack 
errors
